2026-09-14T04:31:03Z INF Thank you for trying Cloudflare Tunnel. Doing so, without a Cloudflare account, is a quick way to experiment and try it out. However, be aware that these account-less Tunnels have no uptime guarantee, are subject to the Cloudflare Online Services Terms of Use (https://www.cloudflare.com/website-terms/), and Cloudflare reserves the right to investigate your use of Tunnels for violations of such terms. If you intend to use Tunnels in production you should use a pre-created named tunnel by following: https://developers.cloudflare.com/cloudflare-one/connections/connect-apps
2026-09-14T04:31:03Z INF Requesting new quick Tunnel on trycloudflare.com...
2026-09-14T04:31:08Z INF +--------------------------------------------------------------------------------------------+
2026-09-14T04:31:08Z INF |  Your quick Tunnel has been created! Visit it at (it may take some time to be reachable):  |
2026-09-14T04:31:08Z INF |  https://bidding-theta-suspended-combination.trycloudflare.com                             |
2026-09-14T04:31:08Z INF +--------------------------------------------------------------------------------------------+
2026-09-14T04:31:08Z INF Cannot determine default configuration path. No file [config.yml config.yaml] in [~/.cloudflared ~/.cloudflare-warp ~/cloudflare-warp /etc/cloudflared /usr/local/etc/cloudflared]
2026-09-14T04:31:08Z INF Version 2026.9.1 (Checksum 03f1f25d1cc93b9ad6c60569d44060bc4f17ed97075760ed8cfca4b12dcd68cc)
2026-09-14T04:31:08Z INF GOOS: linux, GOVersion: go1.26.8, GoArch: amd64
2026-09-14T04:31:08Z INF Settings: map[ha-connections:1 protocol:quic url:http://127.0.0.1:8080]
2026-09-14T04:31:08Z INF cloudflared will not automatically update if installed by a package manager.
2026-09-14T04:31:08Z INF Generated Connector ID: a4d27a7f-c0ae-448c-9b7f-6633588a7392
2026-09-14T04:31:08Z INF Initial protocol quic
2026-09-14T04:31:08Z INF ICMP proxy will use 10.25.146.15 as source for IPv4
2026-09-14T04:31:08Z INF ICMP proxy will use 2401:4900:be71:89bf:b492:ee57:6503:8e31 in zone eth2 as source for IPv6
2026-09-14T04:31:08Z INF ICMP proxy will use 10.25.146.15 as source for IPv4
2026-09-14T04:31:08Z INF Tunnel connection curve preferences: [X25519MLKEM768 CurveID(65074) CurveP256] connIndex=0 event=0 ip=2606:4700:a0::1
2026-09-14T04:31:09Z INF ICMP proxy will use 2401:4900:be71:89bf:b492:ee57:6503:8e31 in zone eth2 as source for IPv6
2026-09-14T04:31:09Z INF Starting metrics server on 127.0.0.1:20241/metrics
2026-09-14T04:31:09Z INF +-------------------------------------------------------------------------------------+
2026-09-14T04:31:09Z INF |                               CONNECTIVITY PRE-CHECKS                               |
2026-09-14T04:31:09Z INF +-------------------------------------------------------------------------------------+
2026-09-14T04:31:09Z INF |  COMPONENT         TARGET                     STATUS  DETAILS                       |
2026-09-14T04:31:09Z INF |  DNS Resolution    region1.v2.argotunnel.com  PASS    DNS Resolved successfully     |
2026-09-14T04:31:09Z INF |  DNS Resolution    region2.v2.argotunnel.com  PASS    DNS Resolved successfully     |
2026-09-14T04:31:09Z INF |  UDP Connectivity  region1.v2.argotunnel.com  PASS    QUIC connection successful    |
2026-09-14T04:31:09Z INF |  UDP Connectivity  region2.v2.argotunnel.com  PASS    QUIC connection successful    |
2026-09-14T04:31:09Z INF |  TCP Connectivity  region1.v2.argotunnel.com  PASS    HTTP/2 connection successful  |
2026-09-14T04:31:09Z INF |  TCP Connectivity  region2.v2.argotunnel.com  PASS    HTTP/2 connection successful  |
2026-09-14T04:31:09Z INF |  Cloudflare API    api.cloudflare.com:443     PASS    API is reachable              |
2026-09-14T04:31:09Z INF |                                                                                     |
2026-09-14T04:31:09Z INF |  SUMMARY: Environment is healthy. cloudflared will use 'quic' as primary protocol.  |
2026-09-14T04:31:09Z INF +-------------------------------------------------------------------------------------+
2026-09-14T04:31:09Z INF precheck component="DNS Resolution" details="DNS Resolved successfully" run_id=b031f879-afc7-49d0-bf63-4461298815d3 status=pass target=region1.v2.argotunnel.com
2026-09-14T04:31:09Z INF precheck component="DNS Resolution" details="DNS Resolved successfully" run_id=b031f879-afc7-49d0-bf63-4461298815d3 status=pass target=region2.v2.argotunnel.com
2026-09-14T04:31:09Z INF precheck component="UDP Connectivity" details="QUIC connection successful" run_id=b031f879-afc7-49d0-bf63-4461298815d3 status=pass target=region1.v2.argotunnel.com
2026-09-14T04:31:09Z INF precheck component="UDP Connectivity" details="QUIC connection successful" run_id=b031f879-afc7-49d0-bf63-4461298815d3 status=pass target=region2.v2.argotunnel.com
2026-09-14T04:31:09Z INF precheck component="TCP Connectivity" details="HTTP/2 connection successful" run_id=b031f879-afc7-49d0-bf63-4461298815d3 status=pass target=region1.v2.argotunnel.com
2026-09-14T04:31:09Z INF precheck component="TCP Connectivity" details="HTTP/2 connection successful" run_id=b031f879-afc7-49d0-bf63-4461298815d3 status=pass target=region2.v2.argotunnel.com
2026-09-14T04:31:09Z INF precheck component="Cloudflare API" details="API is reachable" run_id=b031f879-afc7-49d0-bf63-4461298815d3 status=pass target=api.cloudflare.com:443
2026-09-14T04:31:09Z INF precheck complete hard_fail=false run_id=b031f879-afc7-49d0-bf63-4461298815d3 suggested_protocol=quic
2026-09-14T04:31:10Z INF Registered tunnel connection connIndex=0 connection=5c41e2a8-f990-48d6-89ac-02e2d7481e32 event=0 ip=2606:4700:a0::1 location=del01 protocol=quic
